Archive member included to satisfy reference by file (symbol)

c:/program files (x86)/atollic/truestudio for stm32 9.1.0/armtools/bin/../lib/gcc/arm-atollic-eabi/6.3.1/../../../../arm-atollic-eabi/lib/armv7-m\libc_nano.a(lib_a-init.o)
                              Application\TrueSTUDIO\startup_stm32f103xb.o (__libc_init_array)
c:/program files (x86)/atollic/truestudio for stm32 9.1.0/armtools/bin/../lib/gcc/arm-atollic-eabi/6.3.1/../../../../arm-atollic-eabi/lib/armv7-m\libc_nano.a(lib_a-memset.o)
                              Drivers\STM32F1xx_HAL_Driver\stm32f1xx_hal_rcc.o (memset)
c:/program files (x86)/atollic/truestudio for stm32 9.1.0/armtools/bin/../lib/gcc/arm-atollic-eabi/6.3.1/armv7-m\libgcc.a(_lshrdi3.o)
                              Drivers\STM32F1xx_HAL_Driver\stm32f1xx_hal_flash.o (__aeabi_llsr)

Allocating common symbols
Common symbol       size              file

sFilterConfig       0x28              Application\User\main.o
suspenssion_displacement
                    0x4               Application\User\main.o
hcan                0x44              Application\User\can.o
uwTick              0x4               Drivers\STM32F1xx_HAL_Driver\stm32f1xx_hal.o
pFlash              0x20              Drivers\STM32F1xx_HAL_Driver\stm32f1xx_hal_flash.o

Discarded input sections

 .text          0x00000000        0x0 c:/program files (x86)/atollic/truestudio for stm32 9.1.0/armtools/bin/../lib/gcc/arm-atollic-eabi/6.3.1/armv7-m/crti.o
 .data          0x00000000        0x0 c:/program files (x86)/atollic/truestudio for stm32 9.1.0/armtools/bin/../lib/gcc/arm-atollic-eabi/6.3.1/armv7-m/crti.o
 .bss           0x00000000        0x0 c:/program files (x86)/atollic/truestudio for stm32 9.1.0/armtools/bin/../lib/gcc/arm-atollic-eabi/6.3.1/armv7-m/crti.o
 .data          0x00000000        0x4 c:/program files (x86)/atollic/truestudio for stm32 9.1.0/armtools/bin/../lib/gcc/arm-atollic-eabi/6.3.1/armv7-m/crtbegin.o
 .text          0x00000000       0x14 Application\TrueSTUDIO\startup_stm32f103xb.o
 .data          0x00000000        0x0 Application\TrueSTUDIO\startup_stm32f103xb.o
 .bss           0x00000000        0x0 Application\TrueSTUDIO\startup_stm32f103xb.o
 .text          0x00000000        0x0 Application\User\can.o
 .data          0x00000000        0x0 Application\User\can.o
 .bss           0x00000000        0x0 Application\User\can.o
 .text.HAL_CAN_MspDeInit
                0x00000000       0x38 Application\User\can.o
 .text          0x00000000        0x0 Application\User\gpio.o
 .data          0x00000000        0x0 Application\User\gpio.o
 .bss           0x00000000        0x0 Application\User\gpio.o
 .text          0x00000000        0x0 Application\User\main.o
 .data          0x00000000        0x0 Application\User\main.o
 .bss           0x00000000        0x0 Application\User\main.o
 .text          0x00000000        0x0 Application\User\stm32f1xx_hal_msp.o
 .data          0x00000000        0x0 Application\User\stm32f1xx_hal_msp.o
 .bss           0x00000000        0x0 Application\User\stm32f1xx_hal_msp.o
 .text          0x00000000        0x0 Application\User\stm32f1xx_it.o
 .data          0x00000000        0x0 Application\User\stm32f1xx_it.o
 .bss           0x00000000        0x0 Application\User\stm32f1xx_it.o
 .text          0x00000000        0x0 Drivers\CMSIS\system_stm32f1xx.o
 .data          0x00000000        0x0 Drivers\CMSIS\system_stm32f1xx.o
 .bss           0x00000000        0x0 Drivers\CMSIS\system_stm32f1xx.o
 .text.SystemCoreClockUpdate
                0x00000000       0x5c Drivers\CMSIS\system_stm32f1xx.o
 .rodata.APBPrescTable
                0x00000000        0x8 Drivers\CMSIS\system_stm32f1xx.o
 .text          0x00000000        0x0 Drivers\STM32F1xx_HAL_Driver\stm32f1xx_hal.o
 .data          0x00000000        0x0 Drivers\STM32F1xx_HAL_Driver\stm32f1xx_hal.o
 .bss           0x00000000        0x0 Drivers\STM32F1xx_HAL_Driver\stm32f1xx_hal.o
 .text.HAL_MspInit
                0x00000000        0x2 Drivers\STM32F1xx_HAL_Driver\stm32f1xx_hal.o
 .text.HAL_MspDeInit
                0x00000000        0x2 Drivers\STM32F1xx_HAL_Driver\stm32f1xx_hal.o
 .text.HAL_DeInit
                0x00000000       0x20 Drivers\STM32F1xx_HAL_Driver\stm32f1xx_hal.o
 .text.HAL_GetTickPrio
                0x00000000        0xc Drivers\STM32F1xx_HAL_Driver\stm32f1xx_hal.o
 .text.HAL_SetTickFreq
                0x00000000       0x24 Drivers\STM32F1xx_HAL_Driver\stm32f1xx_hal.o
 .text.HAL_GetTickFreq
                0x00000000        0xc Drivers\STM32F1xx_HAL_Driver\stm32f1xx_hal.o
 .text.HAL_Delay
                0x00000000       0x24 Drivers\STM32F1xx_HAL_Driver\stm32f1xx_hal.o
 .text.HAL_SuspendTick
                0x00000000       0x10 Drivers\STM32F1xx_HAL_Driver\stm32f1xx_hal.o
 .text.HAL_ResumeTick
                0x00000000       0x10 Drivers\STM32F1xx_HAL_Driver\stm32f1xx_hal.o
 .text.HAL_GetHalVersion
                0x00000000        0x8 Drivers\STM32F1xx_HAL_Driver\stm32f1xx_hal.o
 .text.HAL_GetREVID
                0x00000000        0xc Drivers\STM32F1xx_HAL_Driver\stm32f1xx_hal.o
 .text.HAL_GetDEVID
                0x00000000       0x10 Drivers\STM32F1xx_HAL_Driver\stm32f1xx_hal.o
 .text.HAL_DBGMCU_EnableDBGSleepMode
                0x00000000       0x10 Drivers\STM32F1xx_HAL_Driver\stm32f1xx_hal.o
 .text.HAL_DBGMCU_DisableDBGSleepMode
                0x00000000       0x10 Drivers\STM32F1xx_HAL_Driver\stm32f1xx_hal.o
 .text.HAL_DBGMCU_EnableDBGStopMode
                0x00000000       0x10 Drivers\STM32F1xx_HAL_Driver\stm32f1xx_hal.o
 .text.HAL_DBGMCU_DisableDBGStopMode
                0x00000000       0x10 Drivers\STM32F1xx_HAL_Driver\stm32f1xx_hal.o
 .text.HAL_DBGMCU_EnableDBGStandbyMode
                0x00000000       0x10 Drivers\STM32F1xx_HAL_Driver\stm32f1xx_hal.o
 .text.HAL_DBGMCU_DisableDBGStandbyMode
                0x00000000       0x10 Drivers\STM32F1xx_HAL_Driver\stm32f1xx_hal.o
 .text.HAL_GetUID
                0x00000000       0x20 Drivers\STM32F1xx_HAL_Driver\stm32f1xx_hal.o
 .text          0x00000000        0x0 Drivers\STM32F1xx_HAL_Driver\stm32f1xx_hal_can.o
 .data          0x00000000        0x0 Drivers\STM32F1xx_HAL_Driver\stm32f1xx_hal_can.o
 .bss           0x00000000        0x0 Drivers\STM32F1xx_HAL_Driver\stm32f1xx_hal_can.o
 .text.HAL_CAN_MspInit
                0x00000000        0x2 Drivers\STM32F1xx_HAL_Driver\stm32f1xx_hal_can.o
 .text.HAL_CAN_MspDeInit
                0x00000000        0x2 Drivers\STM32F1xx_HAL_Driver\stm32f1xx_hal_can.o
 .text.HAL_CAN_DeInit
                0x00000000       0x20 Drivers\STM32F1xx_HAL_Driver\stm32f1xx_hal_can.o
 .text.HAL_CAN_Transmit_IT
                0x00000000       0xf0 Drivers\STM32F1xx_HAL_Driver\stm32f1xx_hal_can.o
 .text.HAL_CAN_Receive
                0x00000000      0x1b8 Drivers\STM32F1xx_HAL_Driver\stm32f1xx_hal_can.o
 .text.HAL_CAN_Sleep
                0x00000000       0x76 Drivers\STM32F1xx_HAL_Driver\stm32f1xx_hal_can.o
 .text.HAL_CAN_WakeUp
                0x00000000       0x68 Drivers\STM32F1xx_HAL_Driver\stm32f1xx_hal_can.o
 .text.HAL_CAN_GetState
                0x00000000        0x6 Drivers\STM32F1xx_HAL_Driver\stm32f1xx_hal_can.o
 .text.HAL_CAN_GetError
                0x00000000        0x4 Drivers\STM32F1xx_HAL_Driver\stm32f1xx_hal_can.o
 .text          0x00000000        0x0 Drivers\STM32F1xx_HAL_Driver\stm32f1xx_hal_cortex.o
 .data          0x00000000        0x0 Drivers\STM32F1xx_HAL_Driver\stm32f1xx_hal_cortex.o
 .bss           0x00000000        0x0 Drivers\STM32F1xx_HAL_Driver\stm32f1xx_hal_cortex.o
 .text.HAL_NVIC_DisableIRQ
                0x00000000       0x1c Drivers\STM32F1xx_HAL_Driver\stm32f1xx_hal_cortex.o
 .text.HAL_NVIC_SystemReset
                0x00000000       0x24 Drivers\STM32F1xx_HAL_Driver\stm32f1xx_hal_cortex.o
 .text.HAL_NVIC_GetPriorityGrouping
                0x00000000       0x10 Drivers\STM32F1xx_HAL_Driver\stm32f1xx_hal_cortex.o
 .text.HAL_NVIC_GetPriority
                0x00000000       0x5c Drivers\STM32F1xx_HAL_Driver\stm32f1xx_hal_cortex.o
 .text.HAL_NVIC_SetPendingIRQ
                0x00000000       0x1c Drivers\STM32F1xx_HAL_Driver\stm32f1xx_hal_cortex.o
 .text.HAL_NVIC_GetPendingIRQ
                0x00000000       0x1c Drivers\STM32F1xx_HAL_Driver\stm32f1xx_hal_cortex.o
 .text.HAL_NVIC_ClearPendingIRQ
                0x00000000       0x1c Drivers\STM32F1xx_HAL_Driver\stm32f1xx_hal_cortex.o
 .text.HAL_NVIC_GetActive
                0x00000000       0x1c Drivers\STM32F1xx_HAL_Driver\stm32f1xx_hal_cortex.o
 .text          0x00000000        0x0 Drivers\STM32F1xx_HAL_Driver\stm32f1xx_hal_dma.o
 .data          0x00000000        0x0 Drivers\STM32F1xx_HAL_Driver\stm32f1xx_hal_dma.o
 .bss           0x00000000        0x0 Drivers\STM32F1xx_HAL_Driver\stm32f1xx_hal_dma.o
 .text.HAL_DMA_Init
                0x00000000       0x68 Drivers\STM32F1xx_HAL_Driver\stm32f1xx_hal_dma.o
 .text.HAL_DMA_DeInit
                0x00000000       0x4c Drivers\STM32F1xx_HAL_Driver\stm32f1xx_hal_dma.o
 .text.HAL_DMA_Start
                0x00000000       0x5c Drivers\STM32F1xx_HAL_Driver\stm32f1xx_hal_dma.o
 .text.HAL_DMA_Start_IT
                0x00000000       0x7a Drivers\STM32F1xx_HAL_Driver\stm32f1xx_hal_dma.o
 .text.HAL_DMA_Abort
                0x00000000       0x2c Drivers\STM32F1xx_HAL_Driver\stm32f1xx_hal_dma.o
 .text.HAL_DMA_Abort_IT
                0x00000000       0x90 Drivers\STM32F1xx_HAL_Driver\stm32f1xx_hal_dma.o
 .text.HAL_DMA_PollForTransfer
                0x00000000      0x238 Drivers\STM32F1xx_HAL_Driver\stm32f1xx_hal_dma.o
 .text.HAL_DMA_IRQHandler
                0x00000000      0x128 Drivers\STM32F1xx_HAL_Driver\stm32f1xx_hal_dma.o
 .text.HAL_DMA_RegisterCallback
                0x00000000       0x46 Drivers\STM32F1xx_HAL_Driver\stm32f1xx_hal_dma.o
 .text.HAL_DMA_UnRegisterCallback
                0x00000000       0x4e Drivers\STM32F1xx_HAL_Driver\stm32f1xx_hal_dma.o
 .text.HAL_DMA_GetState
                0x00000000        0x6 Drivers\STM32F1xx_HAL_Driver\stm32f1xx_hal_dma.o
 .text.HAL_DMA_GetError
                0x00000000        0x4 Drivers\STM32F1xx_HAL_Driver\stm32f1xx_hal_dma.o
 .debug_info    0x00000000     0x1001 Drivers\STM32F1xx_HAL_Driver\stm32f1xx_hal_dma.o
 .debug_abbrev  0x00000000      0x29e Drivers\STM32F1xx_HAL_Driver\stm32f1xx_hal_dma.o
 .debug_loc     0x00000000      0x5d1 Drivers\STM32F1xx_HAL_Driver\stm32f1xx_hal_dma.o
 .debug_aranges
                0x00000000       0x78 Drivers\STM32F1xx_HAL_Driver\stm32f1xx_hal_dma.o
 .debug_ranges  0x00000000       0xa8 Drivers\STM32F1xx_HAL_Driver\stm32f1xx_hal_dma.o
 .debug_line    0x00000000      0x6b1 Drivers\STM32F1xx_HAL_Driver\stm32f1xx_hal_dma.o
 .debug_str     0x00000000      0xa97 Drivers\STM32F1xx_HAL_Driver\stm32f1xx_hal_dma.o
 .comment       0x00000000       0x7d Drivers\STM32F1xx_HAL_Driver\stm32f1xx_hal_dma.o
 .debug_frame   0x00000000      0x144 Drivers\STM32F1xx_HAL_Driver\stm32f1xx_hal_dma.o
 .ARM.attributes
                0x00000000       0x33 Drivers\STM32F1xx_HAL_Driver\stm32f1xx_hal_dma.o
 .text          0x00000000        0x0 Drivers\STM32F1xx_HAL_Driver\stm32f1xx_hal_flash.o
 .data          0x00000000        0x0 Drivers\STM32F1xx_HAL_Driver\stm32f1xx_hal_flash.o
 .bss           0x00000000        0x0 Drivers\STM32F1xx_HAL_Driver\stm32f1xx_hal_flash.o
 .text.FLASH_SetErrorCode
                0x00000000       0x50 Drivers\STM32F1xx_HAL_Driver\stm32f1xx_hal_flash.o
 .text.HAL_FLASH_Program_IT
                0x00000000       0x5c Drivers\STM32F1xx_HAL_Driver\stm32f1xx_hal_flash.o
 .text.HAL_FLASH_EndOfOperationCallback
                0x00000000        0x2 Drivers\STM32F1xx_HAL_Driver\stm32f1xx_hal_flash.o
 .text.HAL_FLASH_OperationErrorCallback
                0x00000000        0x2 Drivers\STM32F1xx_HAL_Driver\stm32f1xx_hal_flash.o
 .text.HAL_FLASH_IRQHandler
                0x00000000      0x114 Drivers\STM32F1xx_HAL_Driver\stm32f1xx_hal_flash.o
 .text.HAL_FLASH_Unlock
                0x00000000       0x24 Drivers\STM32F1xx_HAL_Driver\stm32f1xx_hal_flash.o
 .text.HAL_FLASH_Lock
                0x00000000       0x14 Drivers\STM32F1xx_HAL_Driver\stm32f1xx_hal_flash.o
 .text.HAL_FLASH_OB_Unlock
                0x00000000       0x24 Drivers\STM32F1xx_HAL_Driver\stm32f1xx_hal_flash.o
 .text.HAL_FLASH_OB_Lock
                0x00000000       0x14 Drivers\STM32F1xx_HAL_Driver\stm32f1xx_hal_flash.o
 .text.HAL_FLASH_OB_Launch
                0x00000000        0x4 Drivers\STM32F1xx_HAL_Driver\stm32f1xx_hal_flash.o
 .text.HAL_FLASH_GetError
                0x00000000        0xc Drivers\STM32F1xx_HAL_Driver\stm32f1xx_hal_flash.o
 .text.FLASH_WaitForLastOperation
                0x00000000       0x54 Drivers\STM32F1xx_HAL_Driver\stm32f1xx_hal_flash.o
 .text.HAL_FLASH_Program
                0x00000000       0x8c Drivers\STM32F1xx_HAL_Driver\stm32f1xx_hal_flash.o
 .debug_info    0x00000000      0xea5 Drivers\STM32F1xx_HAL_Driver\stm32f1xx_hal_flash.o
 .debug_abbrev  0x00000000      0x373 Drivers\STM32F1xx_HAL_Driver\stm32f1xx_hal_flash.o
 .debug_loc     0x00000000      0x334 Drivers\STM32F1xx_HAL_Driver\stm32f1xx_hal_flash.o
 .debug_aranges
                0x00000000       0x78 Drivers\STM32F1xx_HAL_Driver\stm32f1xx_hal_flash.o
 .debug_ranges  0x00000000       0xb8 Drivers\STM32F1xx_HAL_Driver\stm32f1xx_hal_flash.o
 .debug_line    0x00000000      0x536 Drivers\STM32F1xx_HAL_Driver\stm32f1xx_hal_flash.o
 .debug_str     0x00000000      0x9b7 Drivers\STM32F1xx_HAL_Driver\stm32f1xx_hal_flash.o
 .comment       0x00000000       0x7d Drivers\STM32F1xx_HAL_Driver\stm32f1xx_hal_flash.o
 .debug_frame   0x00000000      0x120 Drivers\STM32F1xx_HAL_Driver\stm32f1xx_hal_flash.o
 .ARM.attributes
                0x00000000       0x33 Drivers\STM32F1xx_HAL_Driver\stm32f1xx_hal_flash.o
 COMMON         0x00000000       0x20 Drivers\STM32F1xx_HAL_Driver\stm32f1xx_hal_flash.o
 .text          0x00000000        0x0 Drivers\STM32F1xx_HAL_Driver\stm32f1xx_hal_flash_ex.o
 .data          0x00000000        0x0 Drivers\STM32F1xx_HAL_Driver\stm32f1xx_hal_flash_ex.o
 .bss           0x00000000        0x0 Drivers\STM32F1xx_HAL_Driver\stm32f1xx_hal_flash_ex.o
 .text.FLASH_MassErase.isra.0
                0x00000000       0x24 Drivers\STM32F1xx_HAL_Driver\stm32f1xx_hal_flash_ex.o
 .text.FLASH_OB_RDP_LevelConfig
                0x00000000       0x64 Drivers\STM32F1xx_HAL_Driver\stm32f1xx_hal_flash_ex.o
 .text.HAL_FLASHEx_OBErase
                0x00000000       0x54 Drivers\STM32F1xx_HAL_Driver\stm32f1xx_hal_flash_ex.o
 .text.HAL_FLASHEx_OBProgram
                0x00000000      0x1fc Drivers\STM32F1xx_HAL_Driver\stm32f1xx_hal_flash_ex.o
 .text.HAL_FLASHEx_OBGetConfig
                0x00000000       0x28 Drivers\STM32F1xx_HAL_Driver\stm32f1xx_hal_flash_ex.o
 .text.HAL_FLASHEx_OBGetUserData
                0x00000000       0x1c Drivers\STM32F1xx_HAL_Driver\stm32f1xx_hal_flash_ex.o
 .text.FLASH_PageErase
                0x00000000       0x24 Drivers\STM32F1xx_HAL_Driver\stm32f1xx_hal_flash_ex.o
 .text.HAL_FLASHEx_Erase
                0x00000000       0x9c Drivers\STM32F1xx_HAL_Driver\stm32f1xx_hal_flash_ex.o
 .text.HAL_FLASHEx_Erase_IT
                0x00000000       0x50 Drivers\STM32F1xx_HAL_Driver\stm32f1xx_hal_flash_ex.o
 .debug_info    0x00000000     0x1366 Drivers\STM32F1xx_HAL_Driver\stm32f1xx_hal_flash_ex.o
 .debug_abbrev  0x00000000      0x35a Drivers\STM32F1xx_HAL_Driver\stm32f1xx_hal_flash_ex.o
 .debug_loc     0x00000000      0x6d0 Drivers\STM32F1xx_HAL_Driver\stm32f1xx_hal_flash_ex.o
 .debug_aranges
                0x00000000       0x60 Drivers\STM32F1xx_HAL_Driver\stm32f1xx_hal_flash_ex.o
 .debug_ranges  0x00000000       0xe0 Drivers\STM32F1xx_HAL_Driver\stm32f1xx_hal_flash_ex.o
 .debug_line    0x00000000      0x556 Drivers\STM32F1xx_HAL_Driver\stm32f1xx_hal_flash_ex.o
 .debug_str     0x00000000      0xacd Drivers\STM32F1xx_HAL_Driver\stm32f1xx_hal_flash_ex.o
 .comment       0x00000000       0x7d Drivers\STM32F1xx_HAL_Driver\stm32f1xx_hal_flash_ex.o
 .debug_frame   0x00000000       0xf0 Drivers\STM32F1xx_HAL_Driver\stm32f1xx_hal_flash_ex.o
 .ARM.attributes
                0x00000000       0x33 Drivers\STM32F1xx_HAL_Driver\stm32f1xx_hal_flash_ex.o
 .text          0x00000000        0x0 Drivers\STM32F1xx_HAL_Driver\stm32f1xx_hal_gpio.o
 .data          0x00000000        0x0 Drivers\STM32F1xx_HAL_Driver\stm32f1xx_hal_gpio.o
 .bss           0x00000000        0x0 Drivers\STM32F1xx_HAL_Driver\stm32f1xx_hal_gpio.o
 .text.HAL_GPIO_DeInit
                0x00000000       0xe0 Drivers\STM32F1xx_HAL_Driver\stm32f1xx_hal_gpio.o
 .text.HAL_GPIO_ReadPin
                0x00000000        0xc Drivers\STM32F1xx_HAL_Driver\stm32f1xx_hal_gpio.o
 .text.HAL_GPIO_TogglePin
                0x00000000        0x8 Drivers\STM32F1xx_HAL_Driver\stm32f1xx_hal_gpio.o
 .text.HAL_GPIO_LockPin
                0x00000000       0x2a Drivers\STM32F1xx_HAL_Driver\stm32f1xx_hal_gpio.o
 .text          0x00000000        0x0 Drivers\STM32F1xx_HAL_Driver\stm32f1xx_hal_gpio_ex.o
 .data          0x00000000        0x0 Drivers\STM32F1xx_HAL_Driver\stm32f1xx_hal_gpio_ex.o
 .bss           0x00000000        0x0 Drivers\STM32F1xx_HAL_Driver\stm32f1xx_hal_gpio_ex.o
 .text.HAL_GPIOEx_ConfigEventout
                0x00000000       0x14 Drivers\STM32F1xx_HAL_Driver\stm32f1xx_hal_gpio_ex.o
 .text.HAL_GPIOEx_EnableEventout
                0x00000000       0x10 Drivers\STM32F1xx_HAL_Driver\stm32f1xx_hal_gpio_ex.o
 .text.HAL_GPIOEx_DisableEventout
                0x00000000       0x10 Drivers\STM32F1xx_HAL_Driver\stm32f1xx_hal_gpio_ex.o
 .debug_info    0x00000000      0x9f0 Drivers\STM32F1xx_HAL_Driver\stm32f1xx_hal_gpio_ex.o
 .debug_abbrev  0x00000000      0x1bb Drivers\STM32F1xx_HAL_Driver\stm32f1xx_hal_gpio_ex.o
 .debug_loc     0x00000000       0x21 Drivers\STM32F1xx_HAL_Driver\stm32f1xx_hal_gpio_ex.o
 .debug_aranges
                0x00000000       0x30 Drivers\STM32F1xx_HAL_Driver\stm32f1xx_hal_gpio_ex.o
 .debug_ranges  0x00000000       0x20 Drivers\STM32F1xx_HAL_Driver\stm32f1xx_hal_gpio_ex.o
 .debug_line    0x00000000      0x298 Drivers\STM32F1xx_HAL_Driver\stm32f1xx_hal_gpio_ex.o
 .debug_str     0x00000000      0x6f1 Drivers\STM32F1xx_HAL_Driver\stm32f1xx_hal_gpio_ex.o
 .comment       0x00000000       0x7d Drivers\STM32F1xx_HAL_Driver\stm32f1xx_hal_gpio_ex.o
 .debug_frame   0x00000000       0x40 Drivers\STM32F1xx_HAL_Driver\stm32f1xx_hal_gpio_ex.o
 .ARM.attributes
                0x00000000       0x33 Drivers\STM32F1xx_HAL_Driver\stm32f1xx_hal_gpio_ex.o
 .text          0x00000000        0x0 Drivers\STM32F1xx_HAL_Driver\stm32f1xx_hal_pwr.o
 .data          0x00000000        0x0 Drivers\STM32F1xx_HAL_Driver\stm32f1xx_hal_pwr.o
 .bss           0x00000000        0x0 Drivers\STM32F1xx_HAL_Driver\stm32f1xx_hal_pwr.o
 .text.PWR_OverloadWfe
                0x00000000        0x6 Drivers\STM32F1xx_HAL_Driver\stm32f1xx_hal_pwr.o
 .text.HAL_PWR_DeInit
                0x00000000       0x18 Drivers\STM32F1xx_HAL_Driver\stm32f1xx_hal_pwr.o
 .text.HAL_PWR_EnableBkUpAccess
                0x00000000        0xc Drivers\STM32F1xx_HAL_Driver\stm32f1xx_hal_pwr.o
 .text.HAL_PWR_DisableBkUpAccess
                0x00000000        0xc Drivers\STM32F1xx_HAL_Driver\stm32f1xx_hal_pwr.o
 .text.HAL_PWR_ConfigPVD
                0x00000000       0x6c Drivers\STM32F1xx_HAL_Driver\stm32f1xx_hal_pwr.o
 .text.HAL_PWR_EnablePVD
                0x00000000        0xc Drivers\STM32F1xx_HAL_Driver\stm32f1xx_hal_pwr.o
 .text.HAL_PWR_DisablePVD
                0x00000000        0xc Drivers\STM32F1xx_HAL_Driver\stm32f1xx_hal_pwr.o
 .text.HAL_PWR_EnableWakeUpPin
                0x00000000       0x18 Drivers\STM32F1xx_HAL_Driver\stm32f1xx_hal_pwr.o
 .text.HAL_PWR_DisableWakeUpPin
                0x00000000       0x18 Drivers\STM32F1xx_HAL_Driver\stm32f1xx_hal_pwr.o
 .text.HAL_PWR_EnterSLEEPMode
                0x00000000       0x20 Drivers\STM32F1xx_HAL_Driver\stm32f1xx_hal_pwr.o
 .text.HAL_PWR_EnterSTOPMode
                0x00000000       0x48 Drivers\STM32F1xx_HAL_Driver\stm32f1xx_hal_pwr.o
 .text.HAL_PWR_EnterSTANDBYMode
                0x00000000       0x20 Drivers\STM32F1xx_HAL_Driver\stm32f1xx_hal_pwr.o
 .text.HAL_PWR_EnableSleepOnExit
                0x00000000       0x10 Drivers\STM32F1xx_HAL_Driver\stm32f1xx_hal_pwr.o
 .text.HAL_PWR_DisableSleepOnExit
                0x00000000       0x10 Drivers\STM32F1xx_HAL_Driver\stm32f1xx_hal_pwr.o
 .text.HAL_PWR_EnableSEVOnPend
                0x00000000       0x10 Drivers\STM32F1xx_HAL_Driver\stm32f1xx_hal_pwr.o
 .text.HAL_PWR_DisableSEVOnPend
                0x00000000       0x10 Drivers\STM32F1xx_HAL_Driver\stm32f1xx_hal_pwr.o
 .text.HAL_PWR_PVDCallback
                0x00000000        0x2 Drivers\STM32F1xx_HAL_Driver\stm32f1xx_hal_pwr.o
 .text.HAL_PWR_PVD_IRQHandler
                0x00000000       0x1c Drivers\STM32F1xx_HAL_Driver\stm32f1xx_hal_pwr.o
 .debug_info    0x00000000      0xf54 Drivers\STM32F1xx_HAL_Driver\stm32f1xx_hal_pwr.o
 .debug_abbrev  0x00000000      0x28a Drivers\STM32F1xx_HAL_Driver\stm32f1xx_hal_pwr.o
 .debug_loc     0x00000000       0xaa Drivers\STM32F1xx_HAL_Driver\stm32f1xx_hal_pwr.o
 .debug_aranges
                0x00000000       0xa8 Drivers\STM32F1xx_HAL_Driver\stm32f1xx_hal_pwr.o
 .debug_ranges  0x00000000       0x98 Drivers\STM32F1xx_HAL_Driver\stm32f1xx_hal_pwr.o
 .debug_line    0x00000000      0x457 Drivers\STM32F1xx_HAL_Driver\stm32f1xx_hal_pwr.o
 .debug_str     0x00000000      0x935 Drivers\STM32F1xx_HAL_Driver\stm32f1xx_hal_pwr.o
 .comment       0x00000000       0x7d Drivers\STM32F1xx_HAL_Driver\stm32f1xx_hal_pwr.o
 .debug_frame   0x00000000      0x140 Drivers\STM32F1xx_HAL_Driver\stm32f1xx_hal_pwr.o
 .ARM.attributes
                0x00000000       0x33 Drivers\STM32F1xx_HAL_Driver\stm32f1xx_hal_pwr.o
 .text          0x00000000        0x0 Drivers\STM32F1xx_HAL_Driver\stm32f1xx_hal_rcc.o
 .data          0x00000000        0x0 Drivers\STM32F1xx_HAL_Driver\stm32f1xx_hal_rcc.o
 .bss           0x00000000        0x0 Drivers\STM32F1xx_HAL_Driver\stm32f1xx_hal_rcc.o
 .text.HAL_RCC_DeInit
                0x00000000       0xd0 Drivers\STM32F1xx_HAL_Driver\stm32f1xx_hal_rcc.o
 .text.HAL_RCC_MCOConfig
                0x00000000       0x50 Drivers\STM32F1xx_HAL_Driver\stm32f1xx_hal_rcc.o
 .text.HAL_RCC_EnableCSS
                0x00000000        0xc Drivers\STM32F1xx_HAL_Driver\stm32f1xx_hal_rcc.o
 .text.HAL_RCC_DisableCSS
                0x00000000        0xc Drivers\STM32F1xx_HAL_Driver\stm32f1xx_hal_rcc.o
 .text.HAL_RCC_GetPCLK1Freq
                0x00000000       0x20 Drivers\STM32F1xx_HAL_Driver\stm32f1xx_hal_rcc.o
 .text.HAL_RCC_GetPCLK2Freq
                0x00000000       0x20 Drivers\STM32F1xx_HAL_Driver\stm32f1xx_hal_rcc.o
 .text.HAL_RCC_GetOscConfig
                0x00000000       0x80 Drivers\STM32F1xx_HAL_Driver\stm32f1xx_hal_rcc.o
 .text.HAL_RCC_GetClockConfig
                0x00000000       0x3c Drivers\STM32F1xx_HAL_Driver\stm32f1xx_hal_rcc.o
 .text.HAL_RCC_CSSCallback
                0x00000000        0x2 Drivers\STM32F1xx_HAL_Driver\stm32f1xx_hal_rcc.o
 .text.HAL_RCC_NMI_IRQHandler
                0x00000000       0x20 Drivers\STM32F1xx_HAL_Driver\stm32f1xx_hal_rcc.o
 .text          0x00000000        0x0 Drivers\STM32F1xx_HAL_Driver\stm32f1xx_hal_rcc_ex.o
 .data          0x00000000        0x0 Drivers\STM32F1xx_HAL_Driver\stm32f1xx_hal_rcc_ex.o
 .bss           0x00000000        0x0 Drivers\STM32F1xx_HAL_Driver\stm32f1xx_hal_rcc_ex.o
 .text.HAL_RCCEx_PeriphCLKConfig
                0x00000000       0xf0 Drivers\STM32F1xx_HAL_Driver\stm32f1xx_hal_rcc_ex.o
 .text.HAL_RCCEx_GetPeriphCLKConfig
                0x00000000       0x24 Drivers\STM32F1xx_HAL_Driver\stm32f1xx_hal_rcc_ex.o
 .text.HAL_RCCEx_GetPeriphCLKFreq
                0x00000000       0xec Drivers\STM32F1xx_HAL_Driver\stm32f1xx_hal_rcc_ex.o
 .rodata        0x00000000       0x10 Drivers\STM32F1xx_HAL_Driver\stm32f1xx_hal_rcc_ex.o
 .debug_info    0x00000000      0xc57 Drivers\STM32F1xx_HAL_Driver\stm32f1xx_hal_rcc_ex.o
 .debug_abbrev  0x00000000      0x277 Drivers\STM32F1xx_HAL_Driver\stm32f1xx_hal_rcc_ex.o
 .debug_loc     0x00000000      0x29d Drivers\STM32F1xx_HAL_Driver\stm32f1xx_hal_rcc_ex.o
 .debug_aranges
                0x00000000       0x30 Drivers\STM32F1xx_HAL_Driver\stm32f1xx_hal_rcc_ex.o
 .debug_ranges  0x00000000       0x40 Drivers\STM32F1xx_HAL_Driver\stm32f1xx_hal_rcc_ex.o
 .debug_line    0x00000000      0x3e4 Drivers\STM32F1xx_HAL_Driver\stm32f1xx_hal_rcc_ex.o
 .debug_str     0x00000000      0x85b Drivers\STM32F1xx_HAL_Driver\stm32f1xx_hal_rcc_ex.o
 .comment       0x00000000       0x7d Drivers\STM32F1xx_HAL_Driver\stm32f1xx_hal_rcc_ex.o
 .debug_frame   0x00000000       0x6c Drivers\STM32F1xx_HAL_Driver\stm32f1xx_hal_rcc_ex.o
 .ARM.attributes
                0x00000000       0x33 Drivers\STM32F1xx_HAL_Driver\stm32f1xx_hal_rcc_ex.o
 .text          0x00000000        0x0 Drivers\STM32F1xx_HAL_Driver\stm32f1xx_hal_tim.o
 .data          0x00000000        0x0 Drivers\STM32F1xx_HAL_Driver\stm32f1xx_hal_tim.o
 .bss           0x00000000        0x0 Drivers\STM32F1xx_HAL_Driver\stm32f1xx_hal_tim.o
 .debug_info    0x00000000      0x927 Drivers\STM32F1xx_HAL_Driver\stm32f1xx_hal_tim.o
 .debug_abbrev  0x00000000      0x15c Drivers\STM32F1xx_HAL_Driver\stm32f1xx_hal_tim.o
 .debug_aranges
                0x00000000       0x18 Drivers\STM32F1xx_HAL_Driver\stm32f1xx_hal_tim.o
 .debug_line    0x00000000      0x20f Drivers\STM32F1xx_HAL_Driver\stm32f1xx_hal_tim.o
 .debug_str     0x00000000      0x651 Drivers\STM32F1xx_HAL_Driver\stm32f1xx_hal_tim.o
 .comment       0x00000000       0x7d Drivers\STM32F1xx_HAL_Driver\stm32f1xx_hal_tim.o
 .ARM.attributes
                0x00000000       0x33 Drivers\STM32F1xx_HAL_Driver\stm32f1xx_hal_tim.o
 .text          0x00000000        0x0 Drivers\STM32F1xx_HAL_Driver\stm32f1xx_hal_tim_ex.o
 .data          0x00000000        0x0 Drivers\STM32F1xx_HAL_Driver\stm32f1xx_hal_tim_ex.o
 .bss           0x00000000        0x0 Drivers\STM32F1xx_HAL_Driver\stm32f1xx_hal_tim_ex.o
 .debug_info    0x00000000      0x927 Drivers\STM32F1xx_HAL_Driver\stm32f1xx_hal_tim_ex.o
 .debug_abbrev  0x00000000      0x15c Drivers\STM32F1xx_HAL_Driver\stm32f1xx_hal_tim_ex.o
 .debug_aranges
                0x00000000       0x18 Drivers\STM32F1xx_HAL_Driver\stm32f1xx_hal_tim_ex.o
 .debug_line    0x00000000      0x20f Drivers\STM32F1xx_HAL_Driver\stm32f1xx_hal_tim_ex.o
 .debug_str     0x00000000      0x654 Drivers\STM32F1xx_HAL_Driver\stm32f1xx_hal_tim_ex.o
 .comment       0x00000000       0x7d Drivers\STM32F1xx_HAL_Driver\stm32f1xx_hal_tim_ex.o
 .ARM.attributes
                0x00000000       0x33 Drivers\STM32F1xx_HAL_Driver\stm32f1xx_hal_tim_ex.o
 .text          0x00000000        0x0 c:/program files (x86)/atollic/truestudio for stm32 9.1.0/armtools/bin/../lib/gcc/arm-atollic-eabi/6.3.1/../../../../arm-atollic-eabi/lib/armv7-m\libc_nano.a(lib_a-init.o)
 .data          0x00000000        0x0 c:/program files (x86)/atollic/truestudio for stm32 9.1.0/armtools/bin/../lib/gcc/arm-atollic-eabi/6.3.1/../../../../arm-atollic-eabi/lib/armv7-m\libc_nano.a(lib_a-init.o)
 .bss           0x00000000        0x0 c:/program files (x86)/atollic/truestudio for stm32 9.1.0/armtools/bin/../lib/gcc/arm-atollic-eabi/6.3.1/../../../../arm-atollic-eabi/lib/armv7-m\libc_nano.a(lib_a-init.o)
 .text          0x00000000        0x0 c:/program files (x86)/atollic/truestudio for stm32 9.1.0/armtools/bin/../lib/gcc/arm-atollic-eabi/6.3.1/../../../../arm-atollic-eabi/lib/armv7-m\libc_nano.a(lib_a-memset.o)
 .data          0x00000000        0x0 c:/program files (x86)/atollic/truestudio for stm32 9.1.0/armtools/bin/../lib/gcc/arm-atollic-eabi/6.3.1/../../../../arm-atollic-eabi/lib/armv7-m\libc_nano.a(lib_a-memset.o)
 .bss           0x00000000        0x0 c:/program files (x86)/atollic/truestudio for stm32 9.1.0/armtools/bin/../lib/gcc/arm-atollic-eabi/6.3.1/../../../../arm-atollic-eabi/lib/armv7-m\libc_nano.a(lib_a-memset.o)
 .text.memset   0x00000000       0x10 c:/program files (x86)/atollic/truestudio for stm32 9.1.0/armtools/bin/../lib/gcc/arm-atollic-eabi/6.3.1/../../../../arm-atollic-eabi/lib/armv7-m\libc_nano.a(lib_a-memset.o)
 .debug_frame   0x00000000       0x20 c:/program files (x86)/atollic/truestudio for stm32 9.1.0/armtools/bin/../lib/gcc/arm-atollic-eabi/6.3.1/../../../../arm-atollic-eabi/lib/armv7-m\libc_nano.a(lib_a-memset.o)
 .ARM.attributes
                0x00000000       0x2d c:/program files (x86)/atollic/truestudio for stm32 9.1.0/armtools/bin/../lib/gcc/arm-atollic-eabi/6.3.1/../../../../arm-atollic-eabi/lib/armv7-m\libc_nano.a(lib_a-memset.o)
 .text          0x00000000       0x18 c:/program files (x86)/atollic/truestudio for stm32 9.1.0/armtools/bin/../lib/gcc/arm-atollic-eabi/6.3.1/armv7-m\libgcc.a(_lshrdi3.o)
 .data          0x00000000        0x0 c:/program files (x86)/atollic/truestudio for stm32 9.1.0/armtools/bin/../lib/gcc/arm-atollic-eabi/6.3.1/armv7-m\libgcc.a(_lshrdi3.o)
 .bss           0x00000000        0x0 c:/program files (x86)/atollic/truestudio for stm32 9.1.0/armtools/bin/../lib/gcc/arm-atollic-eabi/6.3.1/armv7-m\libgcc.a(_lshrdi3.o)
 .ARM.attributes
                0x00000000       0x1d c:/program files (x86)/atollic/truestudio for stm32 9.1.0/armtools/bin/../lib/gcc/arm-atollic-eabi/6.3.1/armv7-m\libgcc.a(_lshrdi3.o)
 .text          0x00000000        0x0 c:/program files (x86)/atollic/truestudio for stm32 9.1.0/armtools/bin/../lib/gcc/arm-atollic-eabi/6.3.1/armv7-m/crtend.o
 .data          0x00000000        0x0 c:/program files (x86)/atollic/truestudio for stm32 9.1.0/armtools/bin/../lib/gcc/arm-atollic-eabi/6.3.1/armv7-m/crtend.o
 .bss           0x00000000        0x0 c:/program files (x86)/atollic/truestudio for stm32 9.1.0/armtools/bin/../lib/gcc/arm-atollic-eabi/6.3.1/armv7-m/crtend.o
 .eh_frame      0x00000000        0x4 c:/program files (x86)/atollic/truestudio for stm32 9.1.0/armtools/bin/../lib/gcc/arm-atollic-eabi/6.3.1/armv7-m/crtend.o
 .ARM.attributes
                0x00000000       0x2d c:/program files (x86)/atollic/truestudio for stm32 9.1.0/armtools/bin/../lib/gcc/arm-atollic-eabi/6.3.1/armv7-m/crtend.o
 .text          0x00000000        0x0 c:/program files (x86)/atollic/truestudio for stm32 9.1.0/armtools/bin/../lib/gcc/arm-atollic-eabi/6.3.1/armv7-m/crtn.o
 .data          0x00000000        0x0 c:/program files (x86)/atollic/truestudio for stm32 9.1.0/armtools/bin/../lib/gcc/arm-atollic-eabi/6.3.1/armv7-m/crtn.o
 .bss           0x00000000        0x0 c:/program files (x86)/atollic/truestudio for stm32 9.1.0/armtools/bin/../lib/gcc/arm-atollic-eabi/6.3.1/armv7-m/crtn.o

Memory Configuration

Name             Origin             Length             Attributes
RAM              0x20000000         0x00005000         xrw
FLASH            0x08000000         0x00010000         xr
*default*        0x00000000         0xffffffff

Linker script and memory map

LOAD c:/program files (x86)/atollic/truestudio for stm32 9.1.0/armtools/bin/../lib/gcc/arm-atollic-eabi/6.3.1/armv7-m/crti.o
LOAD c:/program files (x86)/atollic/truestudio for stm32 9.1.0/armtools/bin/../lib/gcc/arm-atollic-eabi/6.3.1/armv7-m/crtbegin.o
LOAD Application\TrueSTUDIO\startup_stm32f103xb.o
LOAD Application\User\can.o
LOAD Application\User\gpio.o
LOAD Application\User\main.o
LOAD Application\User\stm32f1xx_hal_msp.o
LOAD Application\User\stm32f1xx_it.o
LOAD Drivers\CMSIS\system_stm32f1xx.o
LOAD Drivers\STM32F1xx_HAL_Driver\stm32f1xx_hal.o
LOAD Drivers\STM32F1xx_HAL_Driver\stm32f1xx_hal_can.o
LOAD Drivers\STM32F1xx_HAL_Driver\stm32f1xx_hal_cortex.o
LOAD Drivers\STM32F1xx_HAL_Driver\stm32f1xx_hal_dma.o
LOAD Drivers\STM32F1xx_HAL_Driver\stm32f1xx_hal_flash.o
LOAD Drivers\STM32F1xx_HAL_Driver\stm32f1xx_hal_flash_ex.o
LOAD Drivers\STM32F1xx_HAL_Driver\stm32f1xx_hal_gpio.o
LOAD Drivers\STM32F1xx_HAL_Driver\stm32f1xx_hal_gpio_ex.o
LOAD Drivers\STM32F1xx_HAL_Driver\stm32f1xx_hal_pwr.o
LOAD Drivers\STM32F1xx_HAL_Driver\stm32f1xx_hal_rcc.o
LOAD Drivers\STM32F1xx_HAL_Driver\stm32f1xx_hal_rcc_ex.o
LOAD Drivers\STM32F1xx_HAL_Driver\stm32f1xx_hal_tim.o
LOAD Drivers\STM32F1xx_HAL_Driver\stm32f1xx_hal_tim_ex.o
                0x00000080                malloc_getpagesize_P = 0x80
START GROUP
LOAD c:/program files (x86)/atollic/truestudio for stm32 9.1.0/armtools/bin/../lib/gcc/arm-atollic-eabi/6.3.1/../../../../arm-atollic-eabi/lib/armv7-m\libc_nano.a
LOAD c:/program files (x86)/atollic/truestudio for stm32 9.1.0/armtools/bin/../lib/gcc/arm-atollic-eabi/6.3.1/../../../../arm-atollic-eabi/lib/armv7-m\libm.a
END GROUP
START GROUP
LOAD c:/program files (x86)/atollic/truestudio for stm32 9.1.0/armtools/bin/../lib/gcc/arm-atollic-eabi/6.3.1/armv7-m\libgcc.a
LOAD c:/program files (x86)/atollic/truestudio for stm32 9.1.0/armtools/bin/../lib/gcc/arm-atollic-eabi/6.3.1/../../../../arm-atollic-eabi/lib/armv7-m\libc_nano.a
END GROUP
START GROUP
LOAD c:/program files (x86)/atollic/truestudio for stm32 9.1.0/armtools/bin/../lib/gcc/arm-atollic-eabi/6.3.1/armv7-m\libgcc.a
LOAD c:/program files (x86)/atollic/truestudio for stm32 9.1.0/armtools/bin/../lib/gcc/arm-atollic-eabi/6.3.1/../../../../arm-atollic-eabi/lib/armv7-m\libc_nano.a
LOAD c:/program files (x86)/atollic/truestudio for stm32 9.1.0/armtools/bin/../lib/gcc/arm-atollic-eabi/6.3.1/../../../../arm-atollic-eabi/lib/armv7-m\libnosys.a
END GROUP
START GROUP
LOAD c:/program files (x86)/atollic/truestudio for stm32 9.1.0/armtools/bin/../lib/gcc/arm-atollic-eabi/6.3.1/armv7-m\libgcc.a
LOAD c:/program files (x86)/atollic/truestudio for stm32 9.1.0/armtools/bin/../lib/gcc/arm-atollic-eabi/6.3.1/../../../../arm-atollic-eabi/lib/armv7-m\libc_nano.a
LOAD c:/program files (x86)/atollic/truestudio for stm32 9.1.0/armtools/bin/../lib/gcc/arm-atollic-eabi/6.3.1/../../../../arm-atollic-eabi/lib/armv7-m\libnosys.a
END GROUP
LOAD c:/program files (x86)/atollic/truestudio for stm32 9.1.0/armtools/bin/../lib/gcc/arm-atollic-eabi/6.3.1/armv7-m/crtend.o
LOAD c:/program files (x86)/atollic/truestudio for stm32 9.1.0/armtools/bin/../lib/gcc/arm-atollic-eabi/6.3.1/armv7-m/crtn.o
                0x20005000                _estack = 0x20005000
                0x00000200                _Min_Heap_Size = 0x200
                0x00000400                _Min_Stack_Size = 0x400

.isr_vector     0x08000000      0x10c
                0x08000000                . = ALIGN (0x4)
 *(.isr_vector)
 .isr_vector    0x08000000      0x10c Application\TrueSTUDIO\startup_stm32f103xb.o
                0x08000000                g_pfnVectors
                0x0800010c                . = ALIGN (0x4)

.text           0x0800010c     0x13e8
                0x0800010c                . = ALIGN (0x4)
 *(.text)
 .text          0x0800010c       0x40 c:/program files (x86)/atollic/truestudio for stm32 9.1.0/armtools/bin/../lib/gcc/arm-atollic-eabi/6.3.1/armv7-m/crtbegin.o
 *(.text*)
 .text.Reset_Handler
                0x0800014c       0x48 Application\TrueSTUDIO\startup_stm32f103xb.o
                0x0800014c                Reset_Handler
 .text.Default_Handler
                0x08000194        0x2 Application\TrueSTUDIO\startup_stm32f103xb.o
                0x08000194                RTC_Alarm_IRQHandler
                0x08000194                EXTI2_IRQHandler
                0x08000194                TIM1_CC_IRQHandler
                0x08000194                PVD_IRQHandler
                0x08000194                EXTI3_IRQHandler
                0x08000194                I2C2_EV_IRQHandler
                0x08000194                ADC1_2_IRQHandler
                0x08000194                SPI1_IRQHandler
                0x08000194                TAMPER_IRQHandler
                0x08000194                DMA1_Channel4_IRQHandler
                0x08000194                USART3_IRQHandler
                0x08000194                RTC_IRQHandler
                0x08000194                DMA1_Channel7_IRQHandler
                0x08000194                CAN1_RX1_IRQHandler
                0x08000194                TIM4_IRQHandler
                0x08000194                I2C1_EV_IRQHandler
                0x08000194                DMA1_Channel6_IRQHandler
                0x08000194                TIM3_IRQHandler
                0x08000194                RCC_IRQHandler
                0x08000194                TIM1_TRG_COM_IRQHandler
                0x08000194                DMA1_Channel1_IRQHandler
                0x08000194                Default_Handler
                0x08000194                EXTI15_10_IRQHandler
                0x08000194                EXTI9_5_IRQHandler
                0x08000194                SPI2_IRQHandler
                0x08000194                DMA1_Channel5_IRQHandler
                0x08000194                EXTI4_IRQHandler
                0x08000194                USB_HP_CAN1_TX_IRQHandler
                0x08000194                DMA1_Channel3_IRQHandler
                0x08000194                TIM1_UP_IRQHandler
                0x08000194                WWDG_IRQHandler
                0x08000194                TIM2_IRQHandler
                0x08000194                TIM1_BRK_IRQHandler
                0x08000194                EXTI1_IRQHandler
                0x08000194                USART2_IRQHandler
                0x08000194                I2C2_ER_IRQHandler
                0x08000194                DMA1_Channel2_IRQHandler
                0x08000194                CAN1_SCE_IRQHandler
                0x08000194                FLASH_IRQHandler
                0x08000194                USART1_IRQHandler
                0x08000194                I2C1_ER_IRQHandler
                0x08000194                USBWakeUp_IRQHandler
 *fill*         0x08000196        0x2 
 .text.MX_CAN_Init
                0x08000198       0x4c Application\User\can.o
                0x08000198                MX_CAN_Init
 .text.HAL_CAN_MspInit
                0x080001e4       0x80 Application\User\can.o
                0x080001e4                HAL_CAN_MspInit
 .text.MX_GPIO_Init
                0x08000264       0xac Application\User\gpio.o
                0x08000264                MX_GPIO_Init
 .text.SystemClock_Config
                0x08000310       0x6e Application\User\main.o
                0x08000310                SystemClock_Config
 *fill*         0x0800037e        0x2 
 .text.startup.main
                0x08000380       0x84 Application\User\main.o
                0x08000380                main
 .text._Error_Handler
                0x08000404        0x2 Application\User\main.o
                0x08000404                _Error_Handler
 *fill*         0x08000406        0x2 
 .text.HAL_MspInit
                0x08000408       0xa0 Application\User\stm32f1xx_hal_msp.o
                0x08000408                HAL_MspInit
 .text.NMI_Handler
                0x080004a8        0x2 Application\User\stm32f1xx_it.o
                0x080004a8                NMI_Handler
 .text.HardFault_Handler
                0x080004aa        0x2 Application\User\stm32f1xx_it.o
                0x080004aa                HardFault_Handler
 .text.MemManage_Handler
                0x080004ac        0x2 Application\User\stm32f1xx_it.o
                0x080004ac                MemManage_Handler
 .text.BusFault_Handler
                0x080004ae        0x2 Application\User\stm32f1xx_it.o
                0x080004ae                BusFault_Handler
 .text.UsageFault_Handler
                0x080004b0        0x2 Application\User\stm32f1xx_it.o
                0x080004b0                UsageFault_Handler
 .text.SVC_Handler
                0x080004b2        0x2 Application\User\stm32f1xx_it.o
                0x080004b2                SVC_Handler
 .text.DebugMon_Handler
                0x080004b4        0x2 Application\User\stm32f1xx_it.o
                0x080004b4                DebugMon_Handler
 .text.PendSV_Handler
                0x080004b6        0x2 Application\User\stm32f1xx_it.o
                0x080004b6                PendSV_Handler
 .text.SysTick_Handler
                0x080004b8        0xe Application\User\stm32f1xx_it.o
                0x080004b8                SysTick_Handler
 .text.EXTI0_IRQHandler
                0x080004c6        0x6 Application\User\stm32f1xx_it.o
                0x080004c6                EXTI0_IRQHandler
 .text.USB_LP_CAN1_RX0_IRQHandler
                0x080004cc       0x1c Application\User\stm32f1xx_it.o
                0x080004cc                USB_LP_CAN1_RX0_IRQHandler
 .text.SystemInit
                0x080004e8       0x4c Drivers\CMSIS\system_stm32f1xx.o
                0x080004e8                SystemInit
 .text.HAL_InitTick
                0x08000534       0x48 Drivers\STM32F1xx_HAL_Driver\stm32f1xx_hal.o
                0x08000534                HAL_InitTick
 .text.HAL_Init
                0x0800057c       0x24 Drivers\STM32F1xx_HAL_Driver\stm32f1xx_hal.o
                0x0800057c                HAL_Init
 .text.HAL_IncTick
                0x080005a0       0x18 Drivers\STM32F1xx_HAL_Driver\stm32f1xx_hal.o
                0x080005a0                HAL_IncTick
 .text.HAL_GetTick
                0x080005b8        0xc Drivers\STM32F1xx_HAL_Driver\stm32f1xx_hal.o
                0x080005b8                HAL_GetTick
 .text.HAL_CAN_ConfigFilter
                0x080005c4       0xc6 Drivers\STM32F1xx_HAL_Driver\stm32f1xx_hal_can.o
                0x080005c4                HAL_CAN_ConfigFilter
 .text.HAL_CAN_Init
                0x0800068a      0x118 Drivers\STM32F1xx_HAL_Driver\stm32f1xx_hal_can.o
                0x0800068a                HAL_CAN_Init
 *fill*         0x080007a2        0x2 
 .text.HAL_CAN_Transmit
                0x080007a4      0x1a0 Drivers\STM32F1xx_HAL_Driver\stm32f1xx_hal_can.o
                0x080007a4                HAL_CAN_Transmit
 .text.HAL_CAN_Receive_IT
                0x08000944       0xb4 Drivers\STM32F1xx_HAL_Driver\stm32f1xx_hal_can.o
                0x08000944                HAL_CAN_Receive_IT
 .text.HAL_CAN_TxCpltCallback
                0x080009f8        0x2 Drivers\STM32F1xx_HAL_Driver\stm32f1xx_hal_can.o
                0x080009f8                HAL_CAN_TxCpltCallback
 .text.HAL_CAN_RxCpltCallback
                0x080009fa        0x2 Drivers\STM32F1xx_HAL_Driver\stm32f1xx_hal_can.o
                0x080009fa                HAL_CAN_RxCpltCallback
 .text.CAN_Receive_IT
                0x080009fc      0x100 Drivers\STM32F1xx_HAL_Driver\stm32f1xx_hal_can.o
 .text.HAL_CAN_ErrorCallback
                0x08000afc        0x2 Drivers\STM32F1xx_HAL_Driver\stm32f1xx_hal_can.o
                0x08000afc                HAL_CAN_ErrorCallback
 *fill*         0x08000afe        0x2 
 .text.HAL_CAN_IRQHandler
                0x08000b00      0x1d8 Drivers\STM32F1xx_HAL_Driver\stm32f1xx_hal_can.o
                0x08000b00                HAL_CAN_IRQHandler
 .text.HAL_NVIC_SetPriorityGrouping
                0x08000cd8       0x24 Drivers\STM32F1xx_HAL_Driver\stm32f1xx_hal_cortex.o
                0x08000cd8                HAL_NVIC_SetPriorityGrouping
 .text.HAL_NVIC_SetPriority
                0x08000cfc       0x68 Drivers\STM32F1xx_HAL_Driver\stm32f1xx_hal_cortex.o
                0x08000cfc                HAL_NVIC_SetPriority
 .text.HAL_NVIC_EnableIRQ
                0x08000d64       0x18 Drivers\STM32F1xx_HAL_Driver\stm32f1xx_hal_cortex.o
                0x08000d64                HAL_NVIC_EnableIRQ
 .text.HAL_SYSTICK_Config
                0x08000d7c       0x2c Drivers\STM32F1xx_HAL_Driver\stm32f1xx_hal_cortex.o
                0x08000d7c                HAL_SYSTICK_Config
 .text.HAL_SYSTICK_CLKSourceConfig
                0x08000da8       0x18 Drivers\STM32F1xx_HAL_Driver\stm32f1xx_hal_cortex.o
                0x08000da8                HAL_SYSTICK_CLKSourceConfig
 .text.HAL_SYSTICK_Callback
                0x08000dc0        0x2 Drivers\STM32F1xx_HAL_Driver\stm32f1xx_hal_cortex.o
                0x08000dc0                HAL_SYSTICK_Callback
 .text.HAL_SYSTICK_IRQHandler
                0x08000dc2        0x8 Drivers\STM32F1xx_HAL_Driver\stm32f1xx_hal_cortex.o
                0x08000dc2                HAL_SYSTICK_IRQHandler
 *fill*         0x08000dca        0x2 
 .text.HAL_GPIO_Init
                0x08000dcc      0x1c0 Drivers\STM32F1xx_HAL_Driver\stm32f1xx_hal_gpio.o
                0x08000dcc                HAL_GPIO_Init
 .text.HAL_GPIO_WritePin
                0x08000f8c        0xa Drivers\STM32F1xx_HAL_Driver\stm32f1xx_hal_gpio.o
                0x08000f8c                HAL_GPIO_WritePin
 .text.HAL_GPIO_EXTI_Callback
                0x08000f96        0x2 Drivers\STM32F1xx_HAL_Driver\stm32f1xx_hal_gpio.o
                0x08000f96                HAL_GPIO_EXTI_Callback
 .text.HAL_GPIO_EXTI_IRQHandler
                0x08000f98       0x18 Drivers\STM32F1xx_HAL_Driver\stm32f1xx_hal_gpio.o
                0x08000f98                HAL_GPIO_EXTI_IRQHandler
 .text.HAL_RCC_OscConfig
                0x08000fb0      0x318 Drivers\STM32F1xx_HAL_Driver\stm32f1xx_hal_rcc.o
                0x08000fb0                HAL_RCC_OscConfig
 .text.HAL_RCC_GetSysClockFreq
                0x080012c8       0x78 Drivers\STM32F1xx_HAL_Driver\stm32f1xx_hal_rcc.o
                0x080012c8                HAL_RCC_GetSysClockFreq
 .text.HAL_RCC_ClockConfig
                0x08001340      0x148 Drivers\STM32F1xx_HAL_Driver\stm32f1xx_hal_rcc.o
                0x08001340                HAL_RCC_ClockConfig
 .text.HAL_RCC_GetHCLKFreq
                0x08001488        0xc Drivers\STM32F1xx_HAL_Driver\stm32f1xx_hal_rcc.o
                0x08001488                HAL_RCC_GetHCLKFreq
 .text.__libc_init_array
                0x08001494       0x48 c:/program files (x86)/atollic/truestudio for stm32 9.1.0/armtools/bin/../lib/gcc/arm-atollic-eabi/6.3.1/../../../../arm-atollic-eabi/lib/armv7-m\libc_nano.a(lib_a-init.o)
                0x08001494                __libc_init_array
 *(.glue_7)
 .glue_7        0x080014dc        0x0 linker stubs
 *(.glue_7t)
 .glue_7t       0x080014dc        0x0 linker stubs
 *(.eh_frame)
 .eh_frame      0x080014dc        0x0 c:/program files (x86)/atollic/truestudio for stm32 9.1.0/armtools/bin/../lib/gcc/arm-atollic-eabi/6.3.1/armv7-m/crtbegin.o
 *(.init)
 .init          0x080014dc        0x4 c:/program files (x86)/atollic/truestudio for stm32 9.1.0/armtools/bin/../lib/gcc/arm-atollic-eabi/6.3.1/armv7-m/crti.o
                0x080014dc                _init
 .init          0x080014e0        0x8 c:/program files (x86)/atollic/truestudio for stm32 9.1.0/armtools/bin/../lib/gcc/arm-atollic-eabi/6.3.1/armv7-m/crtn.o
 *(.fini)
 .fini          0x080014e8        0x4 c:/program files (x86)/atollic/truestudio for stm32 9.1.0/armtools/bin/../lib/gcc/arm-atollic-eabi/6.3.1/armv7-m/crti.o
                0x080014e8                _fini
 .fini          0x080014ec        0x8 c:/program files (x86)/atollic/truestudio for stm32 9.1.0/armtools/bin/../lib/gcc/arm-atollic-eabi/6.3.1/armv7-m/crtn.o
                0x080014f4                . = ALIGN (0x4)
                0x080014f4                _etext = .

.vfp11_veneer   0x080014f4        0x0
 .vfp11_veneer  0x080014f4        0x0 linker stubs

.v4_bx          0x080014f4        0x0
 .v4_bx         0x080014f4        0x0 linker stubs

.iplt           0x080014f4        0x0
 .iplt          0x080014f4        0x0 c:/program files (x86)/atollic/truestudio for stm32 9.1.0/armtools/bin/../lib/gcc/arm-atollic-eabi/6.3.1/armv7-m/crtbegin.o

.rodata         0x080014f4       0x34
                0x080014f4                . = ALIGN (0x4)
 *(.rodata)
 .rodata        0x080014f4       0x10 Drivers\STM32F1xx_HAL_Driver\stm32f1xx_hal_rcc.o
 *(.rodata*)
 .rodata.MX_CAN_Init.str1.1
                0x08001504       0x13 Application\User\can.o
 .rodata.AHBPrescTable
                0x08001517       0x10 Drivers\CMSIS\system_stm32f1xx.o
                0x08001517                AHBPrescTable
                0x08001528                . = ALIGN (0x4)
 *fill*         0x08001527        0x1 

.rel.dyn        0x08001528        0x0
 .rel.iplt      0x08001528        0x0 c:/program files (x86)/atollic/truestudio for stm32 9.1.0/armtools/bin/../lib/gcc/arm-atollic-eabi/6.3.1/armv7-m/crtbegin.o

.ARM.extab
 *(.ARM.extab* .gnu.linkonce.armextab.*)

.ARM            0x08001528        0x0
                0x08001528                __exidx_start = .
 *(.ARM.exidx*)
                0x08001528                __exidx_end = .

.preinit_array  0x08001528        0x0
                0x08001528                PROVIDE (__preinit_array_start, .)
 *(.preinit_array*)
                0x08001528                PROVIDE (__preinit_array_end, .)

.init_array     0x08001528        0x4
                0x08001528                PROVIDE (__init_array_start, .)
 *(SORT(.init_array.*))
 *(.init_array*)
 .init_array    0x08001528        0x4 c:/program files (x86)/atollic/truestudio for stm32 9.1.0/armtools/bin/../lib/gcc/arm-atollic-eabi/6.3.1/armv7-m/crtbegin.o
                0x0800152c                PROVIDE (__init_array_end, .)

.fini_array     0x0800152c        0x4
                [!provide]                PROVIDE (__fini_array_start, .)
 *(SORT(.fini_array.*))
 *(.fini_array*)
 .fini_array    0x0800152c        0x4 c:/program files (x86)/atollic/truestudio for stm32 9.1.0/armtools/bin/../lib/gcc/arm-atollic-eabi/6.3.1/armv7-m/crtbegin.o
                [!provide]                PROVIDE (__fini_array_end, .)
                0x08001530                _sidata = LOADADDR (.data)

.data           0x20000000        0xc load address 0x08001530
                0x20000000                . = ALIGN (0x4)
                0x20000000                _sdata = .
 *(.data)
 *(.data*)
 .data.SystemCoreClock
                0x20000000        0x4 Drivers\CMSIS\system_stm32f1xx.o
                0x20000000                SystemCoreClock
 .data.uwTickFreq
                0x20000004        0x1 Drivers\STM32F1xx_HAL_Driver\stm32f1xx_hal.o
                0x20000004                uwTickFreq
 *fill*         0x20000005        0x3 
 .data.uwTickPrio
                0x20000008        0x4 Drivers\STM32F1xx_HAL_Driver\stm32f1xx_hal.o
                0x20000008                uwTickPrio
                0x2000000c                . = ALIGN (0x4)
                0x2000000c                _edata = .

.igot.plt       0x2000000c        0x0 load address 0x0800153c
 .igot.plt      0x2000000c        0x0 c:/program files (x86)/atollic/truestudio for stm32 9.1.0/armtools/bin/../lib/gcc/arm-atollic-eabi/6.3.1/armv7-m/crtbegin.o
                0x2000000c                . = ALIGN (0x4)

.bss            0x2000000c       0x90 load address 0x0800153c
                0x2000000c                _sbss = .
                0x2000000c                __bss_start__ = _sbss
 *(.bss)
 .bss           0x2000000c       0x1c c:/program files (x86)/atollic/truestudio for stm32 9.1.0/armtools/bin/../lib/gcc/arm-atollic-eabi/6.3.1/armv7-m/crtbegin.o
 *(.bss*)
 *(COMMON)
 COMMON         0x20000028       0x44 Application\User\can.o
                0x20000028                hcan
 COMMON         0x2000006c       0x2c Application\User\main.o
                0x2000006c                sFilterConfig
                0x20000094                suspenssion_displacement
 COMMON         0x20000098        0x4 Drivers\STM32F1xx_HAL_Driver\stm32f1xx_hal.o
                0x20000098                uwTick
                0x2000009c                . = ALIGN (0x4)
                0x2000009c                _ebss = .
                0x2000009c                __bss_end__ = _ebss

._user_heap_stack
                0x2000009c      0x600 load address 0x0800153c
                0x2000009c                . = ALIGN (0x4)
                [!provide]                PROVIDE (end, .)
                [!provide]                PROVIDE (_end, .)
                0x2000029c                . = (. + _Min_Heap_Size)
 *fill*         0x2000009c      0x200 
                0x2000069c                . = (. + _Min_Stack_Size)
 *fill*         0x2000029c      0x400 
                0x2000069c                . = ALIGN (0x4)

/DISCARD/
 libc.a(*)
 libm.a(*)
 libgcc.a(*)

.ARM.attributes
                0x00000000       0x29
 *(.ARM.attributes)
 .ARM.attributes
                0x00000000       0x1d c:/program files (x86)/atollic/truestudio for stm32 9.1.0/armtools/bin/../lib/gcc/arm-atollic-eabi/6.3.1/armv7-m/crti.o
 .ARM.attributes
                0x0000001d       0x2d c:/program files (x86)/atollic/truestudio for stm32 9.1.0/armtools/bin/../lib/gcc/arm-atollic-eabi/6.3.1/armv7-m/crtbegin.o
 .ARM.attributes
                0x0000004a       0x21 Application\TrueSTUDIO\startup_stm32f103xb.o
 .ARM.attributes
                0x0000006b       0x33 Application\User\can.o
 .ARM.attributes
                0x0000009e       0x33 Application\User\gpio.o
 .ARM.attributes
                0x000000d1       0x33 Application\User\main.o
 .ARM.attributes
                0x00000104       0x33 Application\User\stm32f1xx_hal_msp.o
 .ARM.attributes
                0x00000137       0x33 Application\User\stm32f1xx_it.o
 .ARM.attributes
                0x0000016a       0x33 Drivers\CMSIS\system_stm32f1xx.o
 .ARM.attributes
                0x0000019d       0x33 Drivers\STM32F1xx_HAL_Driver\stm32f1xx_hal.o
 .ARM.attributes
                0x000001d0       0x33 Drivers\STM32F1xx_HAL_Driver\stm32f1xx_hal_can.o
 .ARM.attributes
                0x00000203       0x33 Drivers\STM32F1xx_HAL_Driver\stm32f1xx_hal_cortex.o
 .ARM.attributes
                0x00000236       0x33 Drivers\STM32F1xx_HAL_Driver\stm32f1xx_hal_gpio.o
 .ARM.attributes
                0x00000269       0x33 Drivers\STM32F1xx_HAL_Driver\stm32f1xx_hal_rcc.o
 .ARM.attributes
                0x0000029c       0x2d c:/program files (x86)/atollic/truestudio for stm32 9.1.0/armtools/bin/../lib/gcc/arm-atollic-eabi/6.3.1/../../../../arm-atollic-eabi/lib/armv7-m\libc_nano.a(lib_a-init.o)
 .ARM.attributes
                0x000002c9       0x1d c:/program files (x86)/atollic/truestudio for stm32 9.1.0/armtools/bin/../lib/gcc/arm-atollic-eabi/6.3.1/armv7-m/crtn.o
OUTPUT(f103can.elf elf32-littlearm)

.debug_line     0x00000000     0x2f3a
 .debug_line    0x00000000       0x78 Application\TrueSTUDIO\startup_stm32f103xb.o
 .debug_line    0x00000078      0x357 Application\User\can.o
 .debug_line    0x000003cf      0x2d5 Application\User\gpio.o
 .debug_line    0x000006a4      0x3ca Application\User\main.o
 .debug_line    0x00000a6e      0x2a7 Application\User\stm32f1xx_hal_msp.o
 .debug_line    0x00000d15      0x367 Application\User\stm32f1xx_it.o
 .debug_line    0x0000107c      0x29a Drivers\CMSIS\system_stm32f1xx.o
 .debug_line    0x00001316      0x477 Drivers\STM32F1xx_HAL_Driver\stm32f1xx_hal.o
 .debug_line    0x0000178d      0x8bb Drivers\STM32F1xx_HAL_Driver\stm32f1xx_hal_can.o
 .debug_line    0x00002048      0x444 Drivers\STM32F1xx_HAL_Driver\stm32f1xx_hal_cortex.o
 .debug_line    0x0000248c      0x463 Drivers\STM32F1xx_HAL_Driver\stm32f1xx_hal_gpio.o
 .debug_line    0x000028ef      0x64b Drivers\STM32F1xx_HAL_Driver\stm32f1xx_hal_rcc.o

.debug_info     0x00000000     0xb589
 .debug_info    0x00000000       0x84 Application\TrueSTUDIO\startup_stm32f103xb.o
 .debug_info    0x00000084     0x1334 Application\User\can.o
 .debug_info    0x000013b8      0xd2c Application\User\gpio.o
 .debug_info    0x000020e4     0x1353 Application\User\main.o
 .debug_info    0x00003437      0xcda Application\User\stm32f1xx_hal_msp.o
 .debug_info    0x00004111      0xf6d Application\User\stm32f1xx_it.o
 .debug_info    0x0000507e      0xc07 Drivers\CMSIS\system_stm32f1xx.o
 .debug_info    0x00005c85      0xfba Drivers\STM32F1xx_HAL_Driver\stm32f1xx_hal.o
 .debug_info    0x00006c3f     0x1474 Drivers\STM32F1xx_HAL_Driver\stm32f1xx_hal_can.o
 .debug_info    0x000080b3     0x1463 Drivers\STM32F1xx_HAL_Driver\stm32f1xx_hal_cortex.o
 .debug_info    0x00009516      0xe7c Drivers\STM32F1xx_HAL_Driver\stm32f1xx_hal_gpio.o
 .debug_info    0x0000a392     0x11f7 Drivers\STM32F1xx_HAL_Driver\stm32f1xx_hal_rcc.o

.debug_abbrev   0x00000000     0x1cf9
 .debug_abbrev  0x00000000       0x12 Application\TrueSTUDIO\startup_stm32f103xb.o
 .debug_abbrev  0x00000012      0x26a Application\User\can.o
 .debug_abbrev  0x0000027c      0x206 Application\User\gpio.o
 .debug_abbrev  0x00000482      0x29b Application\User\main.o
 .debug_abbrev  0x0000071d      0x200 Application\User\stm32f1xx_hal_msp.o
 .debug_abbrev  0x0000091d      0x274 Application\User\stm32f1xx_it.o
 .debug_abbrev  0x00000b91      0x1eb Drivers\CMSIS\system_stm32f1xx.o
 .debug_abbrev  0x00000d7c      0x308 Drivers\STM32F1xx_HAL_Driver\stm32f1xx_hal.o
 .debug_abbrev  0x00001084      0x30d Drivers\STM32F1xx_HAL_Driver\stm32f1xx_hal_can.o
 .debug_abbrev  0x00001391      0x399 Drivers\STM32F1xx_HAL_Driver\stm32f1xx_hal_cortex.o
 .debug_abbrev  0x0000172a      0x268 Drivers\STM32F1xx_HAL_Driver\stm32f1xx_hal_gpio.o
 .debug_abbrev  0x00001992      0x367 Drivers\STM32F1xx_HAL_Driver\stm32f1xx_hal_rcc.o

.debug_aranges  0x00000000      0x408
 .debug_aranges
                0x00000000       0x28 Application\TrueSTUDIO\startup_stm32f103xb.o
 .debug_aranges
                0x00000028       0x30 Application\User\can.o
 .debug_aranges
                0x00000058       0x20 Application\User\gpio.o
 .debug_aranges
                0x00000078       0x30 Application\User\main.o
 .debug_aranges
                0x000000a8       0x20 Application\User\stm32f1xx_hal_msp.o
 .debug_aranges
                0x000000c8       0x58 Application\User\stm32f1xx_it.o
 .debug_aranges
                0x00000120       0x28 Drivers\CMSIS\system_stm32f1xx.o
 .debug_aranges
                0x00000148       0xc8 Drivers\STM32F1xx_HAL_Driver\stm32f1xx_hal.o
 .debug_aranges
                0x00000210       0x88 Drivers\STM32F1xx_HAL_Driver\stm32f1xx_hal_can.o
 .debug_aranges
                0x00000298       0x90 Drivers\STM32F1xx_HAL_Driver\stm32f1xx_hal_cortex.o
 .debug_aranges
                0x00000328       0x58 Drivers\STM32F1xx_HAL_Driver\stm32f1xx_hal_gpio.o
 .debug_aranges
                0x00000380       0x88 Drivers\STM32F1xx_HAL_Driver\stm32f1xx_hal_rcc.o

.debug_ranges   0x00000000      0x538
 .debug_ranges  0x00000000       0x20 Application\TrueSTUDIO\startup_stm32f103xb.o
 .debug_ranges  0x00000020       0x60 Application\User\can.o
 .debug_ranges  0x00000080       0x98 Application\User\gpio.o
 .debug_ranges  0x00000118       0x20 Application\User\main.o
 .debug_ranges  0x00000138       0x30 Application\User\stm32f1xx_hal_msp.o
 .debug_ranges  0x00000168       0x48 Application\User\stm32f1xx_it.o
 .debug_ranges  0x000001b0       0x18 Drivers\CMSIS\system_stm32f1xx.o
 .debug_ranges  0x000001c8       0xb8 Drivers\STM32F1xx_HAL_Driver\stm32f1xx_hal.o
 .debug_ranges  0x00000280       0x90 Drivers\STM32F1xx_HAL_Driver\stm32f1xx_hal_can.o
 .debug_ranges  0x00000310      0x128 Drivers\STM32F1xx_HAL_Driver\stm32f1xx_hal_cortex.o
 .debug_ranges  0x00000438       0x60 Drivers\STM32F1xx_HAL_Driver\stm32f1xx_hal_gpio.o
 .debug_ranges  0x00000498       0xa0 Drivers\STM32F1xx_HAL_Driver\stm32f1xx_hal_rcc.o

.debug_loc      0x00000000     0x186f
 .debug_loc     0x00000000       0x7c Application\User\can.o
 .debug_loc     0x0000007c       0xcd Drivers\CMSIS\system_stm32f1xx.o
 .debug_loc     0x00000149      0x11b Drivers\STM32F1xx_HAL_Driver\stm32f1xx_hal.o
 .debug_loc     0x00000264      0x973 Drivers\STM32F1xx_HAL_Driver\stm32f1xx_hal_can.o
 .debug_loc     0x00000bd7      0x46b Drivers\STM32F1xx_HAL_Driver\stm32f1xx_hal_cortex.o
 .debug_loc     0x00001042      0x36a Drivers\STM32F1xx_HAL_Driver\stm32f1xx_hal_gpio.o
 .debug_loc     0x000013ac      0x4c3 Drivers\STM32F1xx_HAL_Driver\stm32f1xx_hal_rcc.o

.debug_str      0x00000000     0x1b10
 .debug_str     0x00000000      0xd03 Application\User\can.o
                                0xdb1 (size before relaxing)
 .debug_str     0x00000d03       0x4f Application\User\gpio.o
                                0xa0f (size before relaxing)
 .debug_str     0x00000d52      0x2b8 Application\User\main.o
                                0xf1a (size before relaxing)
 .debug_str     0x0000100a       0x4a Application\User\stm32f1xx_hal_msp.o
                                0x9bb (size before relaxing)
 .debug_str     0x00001054      0x135 Application\User\stm32f1xx_it.o
                                0xa81 (size before relaxing)
 .debug_str     0x00001189       0xa7 Drivers\CMSIS\system_stm32f1xx.o
                                0x709 (size before relaxing)
 .debug_str     0x00001230      0x2bb Drivers\STM32F1xx_HAL_Driver\stm32f1xx_hal.o
                                0xc85 (size before relaxing)
 .debug_str     0x000014eb      0x13d Drivers\STM32F1xx_HAL_Driver\stm32f1xx_hal_can.o
                                0xc19 (size before relaxing)
 .debug_str     0x00001628      0x207 Drivers\STM32F1xx_HAL_Driver\stm32f1xx_hal_cortex.o
                                0xd33 (size before relaxing)
 .debug_str     0x0000182f      0x10e Drivers\STM32F1xx_HAL_Driver\stm32f1xx_hal_gpio.o
                                0x8a0 (size before relaxing)
 .debug_str     0x0000193d      0x1d3 Drivers\STM32F1xx_HAL_Driver\stm32f1xx_hal_rcc.o
                                0xa7e (size before relaxing)

.comment        0x00000000       0x7c
 .comment       0x00000000       0x7c Application\User\can.o
                                 0x7d (size before relaxing)
 .comment       0x0000007c       0x7d Application\User\gpio.o
 .comment       0x0000007c       0x7d Application\User\main.o
 .comment       0x0000007c       0x7d Application\User\stm32f1xx_hal_msp.o
 .comment       0x0000007c       0x7d Application\User\stm32f1xx_it.o
 .comment       0x0000007c       0x7d Drivers\CMSIS\system_stm32f1xx.o
 .comment       0x0000007c       0x7d Drivers\STM32F1xx_HAL_Driver\stm32f1xx_hal.o
 .comment       0x0000007c       0x7d Drivers\STM32F1xx_HAL_Driver\stm32f1xx_hal_can.o
 .comment       0x0000007c       0x7d Drivers\STM32F1xx_HAL_Driver\stm32f1xx_hal_cortex.o
 .comment       0x0000007c       0x7d Drivers\STM32F1xx_HAL_Driver\stm32f1xx_hal_gpio.o
 .comment       0x0000007c       0x7d Drivers\STM32F1xx_HAL_Driver\stm32f1xx_hal_rcc.o

.debug_frame    0x00000000      0x90c
 .debug_frame   0x00000000       0x70 Application\User\can.o
 .debug_frame   0x00000070       0x34 Application\User\gpio.o
 .debug_frame   0x000000a4       0x58 Application\User\main.o
 .debug_frame   0x000000fc       0x2c Application\User\stm32f1xx_hal_msp.o
 .debug_frame   0x00000128       0xd8 Application\User\stm32f1xx_it.o
 .debug_frame   0x00000200       0x30 Drivers\CMSIS\system_stm32f1xx.o
 .debug_frame   0x00000230      0x1b0 Drivers\STM32F1xx_HAL_Driver\stm32f1xx_hal.o
 .debug_frame   0x000003e0      0x1bc Drivers\STM32F1xx_HAL_Driver\stm32f1xx_hal_can.o
 .debug_frame   0x0000059c      0x120 Drivers\STM32F1xx_HAL_Driver\stm32f1xx_hal_cortex.o
 .debug_frame   0x000006bc       0xd4 Drivers\STM32F1xx_HAL_Driver\stm32f1xx_hal_gpio.o
 .debug_frame   0x00000790      0x150 Drivers\STM32F1xx_HAL_Driver\stm32f1xx_hal_rcc.o
 .debug_frame   0x000008e0       0x2c c:/program files (x86)/atollic/truestudio for stm32 9.1.0/armtools/bin/../lib/gcc/arm-atollic-eabi/6.3.1/../../../../arm-atollic-eabi/lib/armv7-m\libc_nano.a(lib_a-init.o)
